// Jest Snapshot v1, https://goo.gl/fbAQLP

exports[`Question Admin schould create question [Mutation] 1`] = `
Object {
  "createQuestion": Object {
    "question": Object {
      "__typename": "ChoiceQuestion",
      "description": "TestDescription",
      "items": null,
      "type": "CHOICE",
      "value": "0",
    },
  },
}
`;

exports[`Question Admin schould update question of survey not owned by User [Mutation] 1`] = `
Object {
  "updateQuestion": Object {
    "question": Object {
      "description": "NewTestDescription",
    },
  },
}
`;

exports[`Question Admin schould update question of survey owned by User [Mutation] 1`] = `
Object {
  "updateQuestion": Object {
    "question": Object {
      "description": "NewTestDescription",
    },
  },
}
`;

exports[`Question User schould create question [Mutation] 1`] = `undefined`;

exports[`Question User schould update question of survey owned by User [Mutation] 1`] = `
Object {
  "updateQuestion": Object {
    "question": Object {
      "description": "NewTestDescription",
    },
  },
}
`;
