// Jest Snapshot v1, https://goo.gl/fbAQLP

exports[`Unauthorized should create a user 1`] = `
Object {
  "email": "peter@pummel.com",
  "firstName": "peter",
  "isAdmin": false,
  "lastName": "pummel",
}
`;

exports[`Unauthorized should login as a user 1`] = `
Object {
  "email": "john@doe.com",
  "firstName": "John",
  "id": "bb4028c0657dfd7092f316dcbf5b006dce87217141e1b974441f040126acc142",
  "isAdmin": false,
  "lastName": "Doe",
}
`;

exports[`Unauthorized should login as a user, using capitalized email 1`] = `
Object {
  "email": "john@doe.com",
  "firstName": "John",
  "id": "bb4028c0657dfd7092f316dcbf5b006dce87217141e1b974441f040126acc142",
  "isAdmin": false,
  "lastName": "Doe",
}
`;

exports[`Unauthorized should not create user with already taken email 1`] = `
Object {
  "email": "peter@pummel.com",
  "firstName": "peter",
  "isAdmin": false,
  "lastName": "pummel",
}
`;
